ARM Linker, 5.03 [Build 24] [MDK-ARM Lite]

==============================================================================

Section Cross References

    rtos_tx.o(.text) refers to rt_task.o(i.os_tsk_self) for os_tsk_self
    rtos_tx.o(.text) refers to rt_task.o(i.os_tsk_create0) for os_tsk_create0
    rtos_tx.o(.text) refers to hal_arm.o(.emb_text) for os_sys_init0
    rtos_tx.o(.text) refers to rtos_tx.o(.data) for .data
    rtx_config.o(.text) refers to rtx_config.o(.text) for os_def_interrupt
    rtx_config.o(.text) refers to hal_arm.o(.emb_text) for os_clock_interrupt
    startup.o(RESET) refers to hal_arm.o(.emb_text) for SWI_Handler
    startup.o(RESET) refers to startup.o(STACK) for Stack_Top
    startup.o(RESET) refers to entry.o(.ARM.Collect$$$$00000000) for __main
    rt_task.o(i.os_block) refers to rt_list.o(i.os_put_dly) for os_put_dly
    rt_task.o(i.os_block) refers to rt_list.o(i.os_get_first) for os_get_first
    rt_task.o(i.os_block) refers to rt_task.o(.data) for .data
    rt_task.o(i.os_block) refers to rt_list.o(.bss) for os_rdy
    rt_task.o(i.os_dispatch) refers to rt_list.o(i.os_put_rdy_first) for os_put_rdy_first
    rt_task.o(i.os_dispatch) refers to rt_list.o(i.os_get_first) for os_get_first
    rt_task.o(i.os_dispatch) refers to rt_list.o(i.os_put_prio) for os_put_prio
    rt_task.o(i.os_dispatch) refers to rt_task.o(.data) for .data
    rt_task.o(i.os_dispatch) refers to rt_list.o(.bss) for os_rdy
    rt_task.o(i.os_init_context) refers to hal_arm.o(i.os_init_stack) for os_init_stack
    rt_task.o(i.os_init_context) refers to rtx_config.o(.bss) for mp_stk
    rt_task.o(i.os_sys_init1) refers to rt_membox.o(i._init_box) for _init_box
    rt_task.o(i.os_sys_init1) refers to rt_task.o(i.os_init_context) for os_init_context
    rt_task.o(i.os_sys_init1) refers to hal_arm.o(.emb_text) for os_set_env
    rt_task.o(i.os_sys_init1) refers to rtx_config.o(.text) for os_tmr_init
    rt_task.o(i.os_sys_init1) refers to rt_robin.o(i.os_init_robin) for os_init_robin
    rt_task.o(i.os_sys_init1) refers to rtx_config.o(.bss) for os_active_TCB
    rt_task.o(i.os_sys_init1) refers to rtx_config.o(.constdata) for os_maxtaskrun
    rt_task.o(i.os_sys_init1) refers to rtx_config.o(.constdata) for mp_tcb_size
    rt_task.o(i.os_sys_init1) refers to rtx_config.o(.bss) for mp_tcb
    rt_task.o(i.os_sys_init1) refers to rtx_config.o(.constdata) for os_stackinfo
    rt_task.o(i.os_sys_init1) refers to rtx_config.o(.constdata) for mp_stk_size
    rt_task.o(i.os_sys_init1) refers to rtx_config.o(.bss) for mp_stk
    rt_task.o(i.os_sys_init1) refers to rtx_config.o(.constdata) for mp_tmr_size
    rt_task.o(i.os_sys_init1) refers to rtx_config.o(.data) for m_tmr
    rt_task.o(i.os_sys_init1) refers to rt_task.o(.bss) for .bss
    rt_task.o(i.os_sys_init1) refers to rt_list.o(.bss) for os_rdy
    rt_task.o(i.os_sys_init1) refers to rt_task.o(.data) for .data
    rt_task.o(i.os_sys_init1) refers to rtx_config.o(.bss) for os_fifo
    rt_task.o(i.os_sys_init1) refers to rtx_config.o(.constdata) for os_fifo_size
    rt_task.o(i.os_sys_init1) refers to rt_task.o(i.os_tsk_create0) for os_tsk_create0
    rt_task.o(i.os_tsk_create0) refers to rt_task.o(i.os_init_context) for os_init_context
    rt_task.o(i.os_tsk_create0) refers to rtx_config.o(.text) for tsk_unlock
    rt_task.o(i.os_tsk_create0) refers to rt_task.o(i.os_dispatch) for os_dispatch
    rt_task.o(i.os_tsk_create0) refers to rtx_config.o(.bss) for mp_tcb
    rt_task.o(i.os_tsk_create0) refers to rtx_config.o(.bss) for os_active_TCB
    rt_task.o(i.os_tsk_create0) refers to rtx_config.o(.constdata) for os_maxtaskrun
    rt_task.o(i.os_tsk_create_ex0) refers to rt_task.o(i.os_tsk_create0) for os_tsk_create0
    rt_task.o(i.os_tsk_delete) refers to hal_arm.o(i.os_stk_check) for os_stk_check
    rt_task.o(i.os_tsk_delete) refers to rt_task.o(i.os_dispatch) for os_dispatch
    rt_task.o(i.os_tsk_delete) refers to rt_list.o(i.os_rmv_list) for os_rmv_list
    rt_task.o(i.os_tsk_delete) refers to rt_list.o(i.os_rmv_dly) for os_rmv_dly
    rt_task.o(i.os_tsk_delete) refers to rtx_config.o(.text) for tsk_unlock
    rt_task.o(i.os_tsk_delete) refers to rt_task.o(.data) for .data
    rt_task.o(i.os_tsk_delete) refers to rtx_config.o(.bss) for os_active_TCB
    rt_task.o(i.os_tsk_delete) refers to rtx_config.o(.bss) for mp_stk
    rt_task.o(i.os_tsk_delete) refers to rtx_config.o(.bss) for mp_tcb
    rt_task.o(i.os_tsk_delete) refers to rtx_config.o(.constdata) for os_maxtaskrun
    rt_task.o(i.os_tsk_pass) refers to rt_list.o(i.os_get_same_rdy_prio) for os_get_same_rdy_prio
    rt_task.o(i.os_tsk_pass) refers to rt_list.o(i.os_put_prio) for os_put_prio
    rt_task.o(i.os_tsk_pass) refers to rtx_config.o(.text) for tsk_unlock
    rt_task.o(i.os_tsk_pass) refers to rt_task.o(.data) for .data
    rt_task.o(i.os_tsk_pass) refers to rt_list.o(.bss) for os_rdy
    rt_task.o(i.os_tsk_prio) refers to rt_list.o(i.os_put_prio) for os_put_prio
    rt_task.o(i.os_tsk_prio) refers to rtx_config.o(.text) for tsk_unlock
    rt_task.o(i.os_tsk_prio) refers to rt_list.o(i.os_resort_prio) for os_resort_prio
    rt_task.o(i.os_tsk_prio) refers to rt_list.o(i.os_get_first) for os_get_first
    rt_task.o(i.os_tsk_prio) refers to rt_task.o(i.os_dispatch) for os_dispatch
    rt_task.o(i.os_tsk_prio) refers to rt_task.o(.data) for .data
    rt_task.o(i.os_tsk_prio) refers to rtx_config.o(.constdata) for os_maxtaskrun
    rt_task.o(i.os_tsk_prio) refers to rtx_config.o(.bss) for os_active_TCB
    rt_task.o(i.os_tsk_prio) refers to rt_list.o(.bss) for os_rdy
    rt_task.o(i.os_tsk_self) refers to rt_task.o(.data) for .data
    hal_arm.o(.emb_text) refers to hal_arm.o(.data) for sys_stktop
    hal_arm.o(.emb_text) refers to rt_task.o(i.os_sys_init1) for os_sys_init1
    hal_arm.o(.emb_text) refers to hal_arm.o(.data) for sys_mode
    hal_arm.o(.emb_text) refers to rtx_config.o(.text) for os_irq_ack_lock
    hal_arm.o(.emb_text) refers to rt_system.o(.data) for os_psh
    hal_arm.o(.emb_text) refers to rt_system.o(i.os_sys_manager) for os_sys_manager
    hal_arm.o(.emb_text) refers to SWI_Table.o(SWI_TABLE) for SWI_Table
    hal_arm.o(i.__SWI_0) refers to hal_arm.o(i.os_stk_check) for os_stk_check
    hal_arm.o(i.__SWI_0) refers to rtx_config.o(.text) for tsk_unlock
    hal_arm.o(i.__SWI_0) refers to hal_arm.o(.emb_text) for os_switch_tasks_ret
    hal_arm.o(i.__SWI_0) refers to rt_task.o(.data) for os_runtask
    hal_arm.o(i.os_init_stack) refers to rtx_config.o(.constdata) for os_stackinfo
    hal_arm.o(i.os_init_stack) refers to hal_arm.o(.data) for .data
    hal_arm.o(i.os_stk_check) refers to rtx_config.o(.text) for os_error
    hal_arm.o(i.os_stk_check) refers to rt_task.o(.data) for os_runtask
    rt_system.o(i.os_psh_req) refers to rtx_config.o(.text) for os_tmr_inspect_ovf
    rt_system.o(i.os_psh_req) refers to rt_system.o(.data) for .data
    rt_system.o(i.os_resume) refers to rt_list.o(i.os_put_rdy_first) for os_put_rdy_first
    rt_system.o(i.os_resume) refers to rt_list.o(i.os_dec_dly) for os_dec_dly
    rt_system.o(i.os_resume) refers to rt_timer.o(i.os_tmr_tick) for os_tmr_tick
    rt_system.o(i.os_resume) refers to rt_task.o(i.os_dispatch) for os_dispatch
    rt_system.o(i.os_resume) refers to rtx_config.o(.text) for tsk_unlock
    rt_system.o(i.os_resume) refers to rt_task.o(.data) for os_runtask
    rt_system.o(i.os_resume) refers to rt_robin.o(.data) for os_robin
    rt_system.o(i.os_resume) refers to rt_list.o(.bss) for os_dly
    rt_system.o(i.os_resume) refers to rt_time.o(.data) for os_time
    rt_system.o(i.os_resume) refers to rt_timer.o(.data) for os_tmr
    rt_system.o(i.os_suspend) refers to rt_list.o(.bss) for os_dly
    rt_system.o(i.os_suspend) refers to rt_timer.o(.data) for os_tmr
    rt_system.o(i.os_sys_manager) refers to rt_list.o(i.os_put_rdy_first) for os_put_rdy_first
    rt_system.o(i.os_sys_manager) refers to rtx_config.o(.text) for os_tmr_inspect_cnt
    rt_system.o(i.os_sys_manager) refers to rt_robin.o(i.os_chk_robin) for os_chk_robin
    rt_system.o(i.os_sys_manager) refers to rt_list.o(i.os_dec_dly) for os_dec_dly
    rt_system.o(i.os_sys_manager) refers to rt_semaphore.o(i.os_sem_psh) for os_sem_psh
    rt_system.o(i.os_sys_manager) refers to hal_arm.o(.emb_text) for _dec_qc
    rt_system.o(i.os_sys_manager) refers to rt_event.o(i.os_evt_psh) for os_evt_psh
    rt_system.o(i.os_sys_manager) refers to rt_mailbox.o(i.os_mbx_psh) for os_mbx_psh
    rt_system.o(i.os_sys_manager) refers to rt_timer.o(i.os_tmr_tick) for os_tmr_tick
    rt_system.o(i.os_sys_manager) refers to hal_arm.o(i.os_stk_check) for os_stk_check
    rt_system.o(i.os_sys_manager) refers to rt_list.o(i.os_get_first) for os_get_first
    rt_system.o(i.os_sys_manager) refers to rt_task.o(.data) for os_runtask
    rt_system.o(i.os_sys_manager) refers to rt_system.o(.data) for .data
    rt_system.o(i.os_sys_manager) refers to rt_time.o(.data) for os_time
    rt_system.o(i.os_sys_manager) refers to rtx_config.o(.bss) for os_fifo
    rt_system.o(i.os_sys_manager) refers to rt_list.o(.bss) for os_rdy
    rt_list.o(i.os_dec_dly) refers to rt_list.o(i.os_put_prio) for os_put_prio
    rt_list.o(i.os_dec_dly) refers to rt_list.o(.bss) for .bss
    rt_list.o(i.os_dec_dly) refers to rt_time.o(.data) for os_time
    rt_list.o(i.os_get_same_rdy_prio) refers to rt_list.o(.bss) for .bss
    rt_list.o(i.os_get_same_rdy_prio) refers to rt_task.o(.data) for os_runtask
    rt_list.o(i.os_psq_enq) refers to hal_arm.o(.emb_text) for _inc_qi
    rt_list.o(i.os_psq_enq) refers to rtx_config.o(.text) for os_error
    rt_list.o(i.os_psq_enq) refers to rtx_config.o(.bss) for os_fifo
    rt_list.o(i.os_put_dly) refers to rt_list.o(.bss) for .bss
    rt_list.o(i.os_put_rdy_first) refers to rt_list.o(.bss) for .bss
    rt_list.o(i.os_resort_prio) refers to rt_list.o(i.os_rmv_list) for os_rmv_list
    rt_list.o(i.os_resort_prio) refers to rt_list.o(i.os_put_prio) for os_put_prio
    rt_list.o(i.os_resort_prio) refers to rt_list.o(.bss) for .bss
    rt_list.o(i.os_rmv_list) refers to rt_list.o(.bss) for .bss
    rt_robin.o(i.os_chk_robin) refers to rt_list.o(i.os_get_first) for os_get_first
    rt_robin.o(i.os_chk_robin) refers to rt_list.o(i.os_put_prio) for os_put_prio
    rt_robin.o(i.os_chk_robin) refers to rt_robin.o(.data) for .data
    rt_robin.o(i.os_chk_robin) refers to rt_list.o(.bss) for os_rdy
    rt_robin.o(i.os_chk_robin) refers to rt_time.o(.data) for os_time
    rt_robin.o(i.os_init_robin) refers to rt_robin.o(.data) for .data
    rt_robin.o(i.os_init_robin) refers to rtx_config.o(.constdata) for os_rrobin
    SWI_Table.o(SWI_TABLE) refers to hal_arm.o(i.__SWI_0) for __SWI_0
    SWI_Table.o(SWI_TABLE) refers to rt_membox.o(i.__SWI_1) for __SWI_1
    SWI_Table.o(SWI_TABLE) refers to rt_membox.o(i.__SWI_2) for __SWI_2
    SWI_Table.o(SWI_TABLE) refers to hal_arm.o(i.__SWI_3) for __SWI_3
    SWI_Table.o(SWI_TABLE) refers to hal_arm.o(i.__SWI_4) for __SWI_4
    SWI_Table.o(SWI_TABLE) refers to rtx_config.o(.text) for __SWI_5
    SWI_Table.o(SWI_TABLE) refers to hal_arm.o(i.__SWI_6) for __SWI_6
    SWI_Table.o(SWI_TABLE) refers to hal_arm.o(i.__SWI_7) for __SWI_7
    rt_time.o(i.os_dly_wait) refers to rt_task.o(i.os_block) for os_block
    rt_time.o(i.os_dly_wait) refers to rtx_config.o(.text) for tsk_unlock
    rt_time.o(i.os_itv_set) refers to rt_task.o(.data) for os_runtask
    rt_time.o(i.os_itv_set) refers to rt_time.o(.data) for .data
    rt_time.o(i.os_itv_wait) refers to rt_task.o(i.os_block) for os_block
    rt_time.o(i.os_itv_wait) refers to rtx_config.o(.text) for tsk_unlock
    rt_time.o(i.os_itv_wait) refers to rt_task.o(.data) for os_runtask
    rt_time.o(i.os_itv_wait) refers to rt_time.o(.data) for .data
    rt_time.o(i.os_time_get) refers to rt_time.o(.data) for .data
    rt_event.o(i.isr_evt_set) refers to rt_list.o(i.os_psq_enq) for os_psq_enq
    rt_event.o(i.isr_evt_set) refers to rt_system.o(i.os_psh_req) for os_psh_req
    rt_event.o(i.isr_evt_set) refers to rtx_config.o(.bss) for os_active_TCB
    rt_event.o(i.os_evt_clr) refers to rtx_config.o(.text) for tsk_unlock
    rt_event.o(i.os_evt_clr) refers to rtx_config.o(.bss) for os_active_TCB
    rt_event.o(i.os_evt_get) refers to rt_task.o(.data) for os_runtask
    rt_event.o(i.os_evt_psh) refers to rt_list.o(i.os_rmv_dly) for os_rmv_dly
    rt_event.o(i.os_evt_psh) refers to rt_list.o(i.os_put_prio) for os_put_prio
    rt_event.o(i.os_evt_psh) refers to rt_list.o(.bss) for os_rdy
    rt_event.o(i.os_evt_set) refers to rt_list.o(i.os_rmv_dly) for os_rmv_dly
    rt_event.o(i.os_evt_set) refers to rt_task.o(i.os_dispatch) for os_dispatch
    rt_event.o(i.os_evt_set) refers to rtx_config.o(.text) for tsk_unlock
    rt_event.o(i.os_evt_set) refers to rtx_config.o(.bss) for os_active_TCB
    rt_event.o(i.os_evt_wait) refers to rt_task.o(i.os_block) for os_block
    rt_event.o(i.os_evt_wait) refers to rtx_config.o(.text) for tsk_unlock
    rt_event.o(i.os_evt_wait) refers to rt_task.o(.data) for os_runtask
    rt_mailbox.o(i.isr_mbx_receive) refers to rt_list.o(i.os_psq_enq) for os_psq_enq
    rt_mailbox.o(i.isr_mbx_receive) refers to rt_system.o(i.os_psh_req) for os_psh_req
    rt_mailbox.o(i.isr_mbx_send) refers to rt_list.o(i.os_psq_enq) for os_psq_enq
    rt_mailbox.o(i.isr_mbx_send) refers to rt_system.o(i.os_psh_req) for os_psh_req
    rt_mailbox.o(i.os_mbx_init) refers to rtx_config.o(.text) for tsk_unlock
    rt_mailbox.o(i.os_mbx_psh) refers to rt_list.o(i.os_get_first) for os_get_first
    rt_mailbox.o(i.os_mbx_psh) refers to rt_list.o(i.os_rmv_dly) for os_rmv_dly
    rt_mailbox.o(i.os_mbx_psh) refers to rt_list.o(i.os_put_prio) for os_put_prio
    rt_mailbox.o(i.os_mbx_psh) refers to rtx_config.o(.text) for os_error
    rt_mailbox.o(i.os_mbx_psh) refers to rt_list.o(.bss) for os_rdy
    rt_mailbox.o(i.os_mbx_send) refers to rt_list.o(i.os_put_prio) for os_put_prio
    rt_mailbox.o(i.os_mbx_send) refers to rt_list.o(i.os_get_first) for os_get_first
    rt_mailbox.o(i.os_mbx_send) refers to rt_list.o(i.os_rmv_dly) for os_rmv_dly
    rt_mailbox.o(i.os_mbx_send) refers to rt_task.o(i.os_dispatch) for os_dispatch
    rt_mailbox.o(i.os_mbx_send) refers to rt_task.o(i.os_block) for os_block
    rt_mailbox.o(i.os_mbx_send) refers to rtx_config.o(.text) for tsk_unlock
    rt_mailbox.o(i.os_mbx_send) refers to rt_task.o(.data) for os_runtask
    rt_mailbox.o(i.os_mbx_wait) refers to rt_list.o(i.os_get_first) for os_get_first
    rt_mailbox.o(i.os_mbx_wait) refers to rt_list.o(i.os_rmv_dly) for os_rmv_dly
    rt_mailbox.o(i.os_mbx_wait) refers to rt_task.o(i.os_dispatch) for os_dispatch
    rt_mailbox.o(i.os_mbx_wait) refers to rtx_config.o(.text) for tsk_unlock
    rt_mailbox.o(i.os_mbx_wait) refers to rt_list.o(i.os_put_prio) for os_put_prio
    rt_mailbox.o(i.os_mbx_wait) refers to rt_task.o(i.os_block) for os_block
    rt_mailbox.o(i.os_mbx_wait) refers to rt_task.o(.data) for os_runtask
    rt_semaphore.o(i.isr_sem_send) refers to rt_list.o(i.os_psq_enq) for os_psq_enq
    rt_semaphore.o(i.isr_sem_send) refers to rt_system.o(i.os_psh_req) for os_psh_req
    rt_semaphore.o(i.os_sem_init) refers to rtx_config.o(.text) for tsk_unlock
    rt_semaphore.o(i.os_sem_psh) refers to rt_list.o(i.os_get_first) for os_get_first
    rt_semaphore.o(i.os_sem_psh) refers to rt_list.o(i.os_rmv_dly) for os_rmv_dly
    rt_semaphore.o(i.os_sem_psh) refers to rt_list.o(i.os_put_prio) for os_put_prio
    rt_semaphore.o(i.os_sem_psh) refers to rt_list.o(.bss) for os_rdy
    rt_semaphore.o(i.os_sem_send) refers to rt_list.o(i.os_get_first) for os_get_first
    rt_semaphore.o(i.os_sem_send) refers to rt_list.o(i.os_rmv_dly) for os_rmv_dly
    rt_semaphore.o(i.os_sem_send) refers to rt_task.o(i.os_dispatch) for os_dispatch
    rt_semaphore.o(i.os_sem_send) refers to rtx_config.o(.text) for tsk_unlock
    rt_semaphore.o(i.os_sem_wait) refers to rtx_config.o(.text) for tsk_unlock
    rt_semaphore.o(i.os_sem_wait) refers to rt_list.o(i.os_put_prio) for os_put_prio
    rt_semaphore.o(i.os_sem_wait) refers to rt_task.o(i.os_block) for os_block
    rt_semaphore.o(i.os_sem_wait) refers to rt_task.o(.data) for os_runtask
    rt_timer.o(i.os_tmr_create) refers to rtx_config.o(.text) for tsk_unlock
    rt_timer.o(i.os_tmr_create) refers to rtx_config.o(.data) for m_tmr
    rt_timer.o(i.os_tmr_create) refers to rt_timer.o(.data) for .data
    rt_timer.o(i.os_tmr_kill) refers to rtx_config.o(.text) for tsk_unlock
    rt_timer.o(i.os_tmr_kill) refers to rt_timer.o(.data) for .data
    rt_timer.o(i.os_tmr_kill) refers to rtx_config.o(.data) for m_tmr
    rt_timer.o(i.os_tmr_tick) refers to rtx_config.o(.text) for os_tmr_call
    rt_timer.o(i.os_tmr_tick) refers to rt_timer.o(.data) for .data
    rt_timer.o(i.os_tmr_tick) refers to rtx_config.o(.data) for m_tmr
    entry.o(.ARM.Collect$$$$00000000) refers (Special) to entry10a.o(.ARM.Collect$$$$0000000D) for __rt_final_cpp
    entry.o(.ARM.Collect$$$$00000000) refers (Special) to entry11a.o(.ARM.Collect$$$$0000000F) for __rt_final_exit
    entry.o(.ARM.Collect$$$$00000000) refers (Special) to entry7b.o(.ARM.Collect$$$$00000008) for _main_clock
    entry.o(.ARM.Collect$$$$00000000) refers (Special) to entry8b.o(.ARM.Collect$$$$0000000A) for _main_cpp_init
    entry.o(.ARM.Collect$$$$00000000) refers (Special) to entry9a.o(.ARM.Collect$$$$0000000B) for _main_init
    entry.o(.ARM.Collect$$$$00000000) refers (Special) to entry5.o(.ARM.Collect$$$$00000004) for _main_scatterload
    entry.o(.ARM.Collect$$$$00000000) refers (Special) to entry2.o(.ARM.Collect$$$$00000001) for _main_stk
    entry2.o(.ARM.Collect$$$$00000001) refers to entry2.o(.ARM.Collect$$$$00002712) for __lit__00000000
    entry2.o(.ARM.Collect$$$$00002712) refers to startup.o(STACK) for __initial_sp
    entry5.o(.ARM.Collect$$$$00000004) refers to init.o(.text) for __scatterload
    entry9a.o(.ARM.Collect$$$$0000000B) refers to rtos_tx.o(.text) for main
    entry9b.o(.ARM.Collect$$$$0000000C) refers to rtos_tx.o(.text) for main
    init.o(.text) refers to init.o(i.__ARM_common_call_via_r3) for __ARM_common_call_via_r3
    init.o(.text) refers to entry5.o(.ARM.Collect$$$$00000004) for __main_after_scatterload


==============================================================================

Removing Unused input sections from the image.

    Removing startup.o(HEAP), (0 bytes).
    Removing rt_task.o(i.os_block), (72 bytes).
    Removing rt_task.o(i.os_tsk_create_ex0), (12 bytes).
    Removing rt_task.o(i.os_tsk_delete), (176 bytes).
    Removing rt_task.o(i.os_tsk_pass), (52 bytes).
    Removing rt_task.o(i.os_tsk_prio), (136 bytes).
    Removing rt_system.o(.emb_text), (0 bytes).
    Removing rt_system.o(i.os_psh_req), (52 bytes).
    Removing rt_system.o(i.os_resume), (168 bytes).
    Removing rt_system.o(i.os_suspend), (52 bytes).
    Removing rt_list.o(i.os_get_same_rdy_prio), (36 bytes).
    Removing rt_list.o(i.os_psq_enq), (52 bytes).
    Removing rt_list.o(i.os_put_dly), (80 bytes).
    Removing rt_list.o(i.os_resort_prio), (52 bytes).
    Removing rt_list.o(i.os_rmv_list), (52 bytes).
    Removing rt_membox.o(i._calloc_box), (32 bytes).
    Removing rt_time.o(i.os_dly_wait), (24 bytes).
    Removing rt_time.o(i.os_itv_set), (24 bytes).
    Removing rt_time.o(i.os_itv_wait), (56 bytes).
    Removing rt_time.o(i.os_time_get), (12 bytes).
    Removing rt_event.o(i.isr_evt_set), (40 bytes).
    Removing rt_event.o(i.os_evt_clr), (40 bytes).
    Removing rt_event.o(i.os_evt_get), (12 bytes).
    Removing rt_event.o(i.os_evt_set), (100 bytes).
    Removing rt_event.o(i.os_evt_wait), (96 bytes).
    Removing rt_mailbox.o(i.isr_mbx_receive), (76 bytes).
    Removing rt_mailbox.o(i.isr_mbx_send), (16 bytes).
    Removing rt_mailbox.o(i.os_mbx_check), (8 bytes).
    Removing rt_mailbox.o(i.os_mbx_init), (48 bytes).
    Removing rt_mailbox.o(i.os_mbx_send), (164 bytes).
    Removing rt_mailbox.o(i.os_mbx_wait), (160 bytes).
    Removing rt_semaphore.o(i.isr_sem_send), (18 bytes).
    Removing rt_semaphore.o(i.os_sem_init), (28 bytes).
    Removing rt_semaphore.o(i.os_sem_send), (58 bytes).
    Removing rt_semaphore.o(i.os_sem_wait), (96 bytes).
    Removing rt_timer.o(i.os_tmr_create), (92 bytes).
    Removing rt_timer.o(i.os_tmr_kill), (72 bytes).

37 unused section(s) (total 2264 bytes) removed from the image.

==============================================================================

Adding Veneers to the image

    Adding AT veneer (8 bytes, Inline) for call to '__scatterload' from entry5.o(.ARM.Collect$$$$00000004).
    Adding TA veneer (8 bytes, Short) for call to '__main_after_scatterload' from init.o(.text).

2 Veneer(s) (total 16 bytes) added to the image.

==============================================================================

Image Symbol Table

    Local Symbols

    Symbol Name                              Value     Ov Type        Size  Object(Section)

    RESET                                    0x00000000   Section      260  startup.o(RESET)
    ../clib/microlib/init/entry.s            0x00000000   Number         0  entry.o ABSOLUTE
    ../clib/microlib/init/entry.s            0x00000000   Number         0  entry9b.o ABSOLUTE
    ../clib/microlib/init/entry.s            0x00000000   Number         0  entry10a.o ABSOLUTE
    ../clib/microlib/init/entry.s            0x00000000   Number         0  entry11b.o ABSOLUTE
    ../clib/microlib/init/entry.s            0x00000000   Number         0  entry11a.o ABSOLUTE
    ../clib/microlib/init/entry.s            0x00000000   Number         0  entry10b.o ABSOLUTE
    ../clib/microlib/init/entry.s            0x00000000   Number         0  entry2.o ABSOLUTE
    ../clib/microlib/init/entry.s            0x00000000   Number         0  entry5.o ABSOLUTE
    ../clib/microlib/init/entry.s            0x00000000   Number         0  entry7a.o ABSOLUTE
    ../clib/microlib/init/entry.s            0x00000000   Number         0  entry7b.o ABSOLUTE
    ../clib/microlib/init/entry.s            0x00000000   Number         0  entry8a.o ABSOLUTE
    ../clib/microlib/init/entry.s            0x00000000   Number         0  entry8b.o ABSOLUTE
    ../clib/microlib/init/entry.s            0x00000000   Number         0  entry9a.o ABSOLUTE
    RTOS_TX.C                                0x00000000   Number         0  rtos_tx.o ABSOLUTE
    RTX_Config.c                             0x00000000   Number         0  rtx_config.o ABSOLUTE
    SRC\ARM\HAL_ARM.c                        0x00000000   Number         0  hal_arm.o ABSOLUTE
    SRC\ARM\SWI_Table.s                      0x00000000   Number         0  SWI_Table.o ABSOLUTE
    SRC\ARM\rt_Event.c                       0x00000000   Number         0  rt_event.o ABSOLUTE
    SRC\ARM\rt_List.c                        0x00000000   Number         0  rt_list.o ABSOLUTE
    SRC\ARM\rt_Mailbox.c                     0x00000000   Number         0  rt_mailbox.o ABSOLUTE
    SRC\ARM\rt_MemBox.c                      0x00000000   Number         0  rt_membox.o ABSOLUTE
    SRC\ARM\rt_Robin.c                       0x00000000   Number         0  rt_robin.o ABSOLUTE
    SRC\ARM\rt_Semaphore.c                   0x00000000   Number         0  rt_semaphore.o ABSOLUTE
    SRC\ARM\rt_System.c                      0x00000000   Number         0  rt_system.o ABSOLUTE
    SRC\ARM\rt_Task.c                        0x00000000   Number         0  rt_task.o ABSOLUTE
    SRC\ARM\rt_Time.c                        0x00000000   Number         0  rt_time.o ABSOLUTE
    SRC\ARM\rt_Timer.c                       0x00000000   Number         0  rt_timer.o ABSOLUTE
    SRC\\ARM\\HAL_ARM.c                      0x00000000   Number         0  hal_arm.o ABSOLUTE
    SRC\\ARM\\rt_System.c                    0x00000000   Number         0  rt_system.o ABSOLUTE
    Startup.s                                0x00000000   Number         0  startup.o ABSOLUTE
    dc.s                                     0x00000000   Number         0  dc.o ABSOLUTE
    handlers.s                               0x00000000   Number         0  handlers.o ABSOLUTE
    init.s                                   0x00000000   Number         0  init.o ABSOLUTE
    Undef_Handler                            0x00000040   ARM Code       4  startup.o(RESET)
    PAbt_Handler                             0x00000044   ARM Code       4  startup.o(RESET)
    DAbt_Handler                             0x00000048   ARM Code       4  startup.o(RESET)
    IRQ_Handler                              0x0000004c   ARM Code       4  startup.o(RESET)
    FIQ_Handler                              0x00000050   ARM Code       4  startup.o(RESET)
    .ARM.Collect$$$$00000000                 0x00000104   Section        0  entry.o(.ARM.Collect$$$$00000000)
    .ARM.Collect$$$$00000001                 0x00000104   Section        4  entry2.o(.ARM.Collect$$$$00000001)
    .ARM.Collect$$$$00000004                 0x00000108   Section        4  entry5.o(.ARM.Collect$$$$00000004)
    .ARM.Collect$$$$00000008                 0x0000010c   Section        0  entry7b.o(.ARM.Collect$$$$00000008)
    .ARM.Collect$$$$0000000A                 0x0000010c   Section        0  entry8b.o(.ARM.Collect$$$$0000000A)
    .ARM.Collect$$$$0000000B                 0x0000010c   Section       12  entry9a.o(.ARM.Collect$$$$0000000B)
    .ARM.Collect$$$$0000000D                 0x00000118   Section        0  entry10a.o(.ARM.Collect$$$$0000000D)
    .ARM.Collect$$$$0000000F                 0x00000118   Section        0  entry11a.o(.ARM.Collect$$$$0000000F)
    .ARM.Collect$$$$00002712                 0x00000118   Section        4  entry2.o(.ARM.Collect$$$$00002712)
    __lit__00000000                          0x00000118   Data           4  entry2.o(.ARM.Collect$$$$00002712)
    .emb_text                                0x0000011c   Section      516  hal_arm.o(.emb_text)
    Switch_task                              0x00000298   ARM Code       0  hal_arm.o(.emb_text)
    .text                                    0x00000320   Section        0  rtos_tx.o(.text)
    .text                                    0x00000368   Section        0  rtx_config.o(.text)
    .text                                    0x000003e8   Section        0  rtx_config.o(.text)
    os_def_interrupt                         0x000003e8   ARM Code      20  rtx_config.o(.text)
    .text                                    0x00000404   Section       32  init.o(.text)
    SWI_TABLE                                0x00000424   Section       36  SWI_Table.o(SWI_TABLE)
    i.__ARM_common_call_via_r3               0x00000450   Section        2  init.o(i.__ARM_common_call_via_r3)
    i.__SWI_0                                0x00000454   Section        0  hal_arm.o(i.__SWI_0)
    i.__SWI_1                                0x00000488   Section        0  rt_membox.o(i.__SWI_1)
    i.__SWI_2                                0x00000496   Section        0  rt_membox.o(i.__SWI_2)
    i.__SWI_3                                0x000004ae   Section        0  hal_arm.o(i.__SWI_3)
    i.__SWI_4                                0x000004b6   Section        0  hal_arm.o(i.__SWI_4)
    i.__SWI_6                                0x000004be   Section        0  hal_arm.o(i.__SWI_6)
    i.__SWI_7                                0x000004c0   Section        0  hal_arm.o(i.__SWI_7)
    i.__scatterload_copy                     0x000004c4   Section       28  handlers.o(i.__scatterload_copy)
    i.__scatterload_null                     0x000004e0   Section        4  handlers.o(i.__scatterload_null)
    i.__scatterload_zeroinit                 0x000004e4   Section       24  handlers.o(i.__scatterload_zeroinit)
    i._init_box                              0x000004fc   Section        0  rt_membox.o(i._init_box)
    i.os_chk_robin                           0x00000548   Section        0  rt_robin.o(i.os_chk_robin)
    i.os_dec_dly                             0x00000590   Section        0  rt_list.o(i.os_dec_dly)
    i.os_dispatch                            0x0000060c   Section        0  rt_task.o(i.os_dispatch)
    i.os_evt_psh                             0x00000650   Section        0  rt_event.o(i.os_evt_psh)
    i.os_get_first                           0x000006a0   Section        0  rt_list.o(i.os_get_first)
    i.os_init_context                        0x000006cc   Section        0  rt_task.o(i.os_init_context)
    os_init_context                          0x000006cd   Thumb Code    66  rt_task.o(i.os_init_context)
    i.os_init_robin                          0x00000714   Section        0  rt_robin.o(i.os_init_robin)
    i.os_init_stack                          0x0000072c   Section        0  hal_arm.o(i.os_init_stack)
    i.os_mbx_psh                             0x000007a0   Section        0  rt_mailbox.o(i.os_mbx_psh)
    i.os_put_prio                            0x00000828   Section        0  rt_list.o(i.os_put_prio)
    i.os_put_rdy_first                       0x00000868   Section        0  rt_list.o(i.os_put_rdy_first)
    i.os_rmv_dly                             0x0000087c   Section        0  rt_list.o(i.os_rmv_dly)
    i.os_sem_psh                             0x000008a8   Section        0  rt_semaphore.o(i.os_sem_psh)
    i.os_stk_check                           0x000008e0   Section        0  hal_arm.o(i.os_stk_check)
    i.os_sys_init1                           0x00000910   Section        0  rt_task.o(i.os_sys_init1)
    i.os_sys_manager                         0x000009f8   Section        0  rt_system.o(i.os_sys_manager)
    i.os_tmr_tick                            0x00000ac8   Section        0  rt_timer.o(i.os_tmr_tick)
    i.os_tsk_create0                         0x00000b0c   Section        0  rt_task.o(i.os_tsk_create0)
    i.os_tsk_self                            0x00000b9c   Section        0  rt_task.o(i.os_tsk_self)
    .constdata                               0x00000bac   Section        2  rtx_config.o(.constdata)
    .constdata                               0x00000bb0   Section        4  rtx_config.o(.constdata)
    .constdata                               0x00000bb4   Section        4  rtx_config.o(.constdata)
    .constdata                               0x00000bb8   Section        8  rtx_config.o(.constdata)
    __tagsym$$used                           0x00000bb8   Number         0  rtx_config.o(.constdata)
    __tagsym$$used                           0x00000bbc   Number         0  rtx_config.o(.constdata)
    .constdata                               0x00000bc0   Section        2  rtx_config.o(.constdata)
    .constdata                               0x00000bc4   Section        4  rtx_config.o(.constdata)
    .constdata                               0x00000bc8   Section        1  rtx_config.o(.constdata)
    .constdata                               0x00000bca   Section        2  rtx_config.o(.constdata)
    .data                                    0x40000000   Section       16  rtos_tx.o(.data)
    .data                                    0x40000010   Section        4  rtx_config.o(.data)
    .data                                    0x40000014   Section        4  rt_task.o(.data)
    .data                                    0x40000018   Section        4  hal_arm.o(.data)
    .data                                    0x4000001c   Section        1  hal_arm.o(.data)
    .data                                    0x40000020   Section        8  rt_system.o(.data)
    .data                                    0x40000028   Section        8  rt_robin.o(.data)
    .data                                    0x40000030   Section        4  rt_time.o(.data)
    .data                                    0x40000034   Section        8  rt_timer.o(.data)
    .bss                                     0x4000003c   Section      300  rtx_config.o(.bss)
    .bss                                     0x40000168   Section     1416  rtx_config.o(.bss)
    .bss                                     0x400006f0   Section      132  rtx_config.o(.bss)
    .bss                                     0x40000774   Section       24  rtx_config.o(.bss)
    .bss                                     0x4000078c   Section       48  rt_task.o(.bss)
    .bss                                     0x400007bc   Section       48  rt_list.o(.bss)
    STACK                                    0x400007f0   Section      176  startup.o(STACK)
    Stack_Top                                0x400008a0   Data           0  startup.o(STACK)

    Global Symbols

    Symbol Name                              Value     Ov Type        Size  Object(Section)

    BuildAttributes$$THM_ISAv1$ARM_ISAv4$S$PE$A:L22$X:L11$S22$IEEE1$IW$USESV6$~STKCKD$USESV7$~SHL$OSPACE$EBA8$MICROLIB$REQ8$EABIv2 0x00000000   Number         0  anon$$obj.o ABSOLUTE
    __ARM_use_no_argv                        0x00000000   Number         0  rtos_tx.o ABSOLUTE
    __cpp_initialize__aeabi_                  - Undefined Weak Reference
    __cxa_finalize                            - Undefined Weak Reference
    __decompress                              - Undefined Weak Reference
    _clock_init                               - Undefined Weak Reference
    _microlib_exit                            - Undefined Weak Reference
    os_tmr_reload                             - Undefined Weak Reference
    rt_init                                   - Undefined Weak Reference
    rt_notify                                 - Undefined Weak Reference
    rt_post_taskswitch                        - Undefined Weak Reference
    Reset_Handler                            0x00000054   ARM Code       0  startup.o(RESET)
    __main                                   0x00000104   ARM Code       0  entry.o(.ARM.Collect$$$$00000000)
    _main_stk                                0x00000104   ARM Code       0  entry2.o(.ARM.Collect$$$$00000001)
    _main_scatterload                        0x00000108   ARM Code       0  entry5.o(.ARM.Collect$$$$00000004)
    __main_after_scatterload                 0x0000010c   ARM Code       0  entry5.o(.ARM.Collect$$$$00000004)
    _main_clock                              0x0000010c   ARM Code       0  entry7b.o(.ARM.Collect$$$$00000008)
    _main_cpp_init                           0x0000010c   ARM Code       0  entry8b.o(.ARM.Collect$$$$0000000A)
    _main_init                               0x0000010c   ARM Code       0  entry9a.o(.ARM.Collect$$$$0000000B)
    __rt_final_cpp                           0x00000118   ARM Code       0  entry10a.o(.ARM.Collect$$$$0000000D)
    __rt_final_exit                          0x00000118   ARM Code       0  entry11a.o(.ARM.Collect$$$$0000000F)
    _inc_qi                                  0x0000011d   Thumb Code    60  hal_arm.o(.emb_text)
    _dec_qc                                  0x00000159   Thumb Code    32  hal_arm.o(.emb_text)
    os_set_env                               0x00000179   Thumb Code     8  hal_arm.o(.emb_text)
    os_sys_init0                             0x00000181   Thumb Code    32  hal_arm.o(.emb_text)
    os_sys_run                               0x000001ad   Thumb Code    16  hal_arm.o(.emb_text)
    os_clock_interrupt                       0x000001c0   ARM Code     128  hal_arm.o(.emb_text)
    os_sys_manager_ret                       0x0000022d   Thumb Code     0  hal_arm.o(.emb_text)
    SWI_Handler                              0x00000254   ARM Code     196  hal_arm.o(.emb_text)
    os_switch_tasks_ret                      0x00000291   Thumb Code     0  hal_arm.o(.emb_text)
    task2                                    0x00000321   Thumb Code    10  rtos_tx.o(.text)
    task1                                    0x0000032b   Thumb Code    30  rtos_tx.o(.text)
    main                                     0x00000349   Thumb Code    20  rtos_tx.o(.text)
    os_idle_demon                            0x00000369   Thumb Code     2  rtx_config.o(.text)
    os_tmr_call                              0x0000036b   Thumb Code     2  rtx_config.o(.text)
    os_error                                 0x0000036d   Thumb Code     2  rtx_config.o(.text)
    os_tmr_init                              0x0000036f   Thumb Code    34  rtx_config.o(.text)
    os_tmr_force_irq                         0x00000391   Thumb Code     8  rtx_config.o(.text)
    os_tmr_inspect_cnt                       0x00000399   Thumb Code     6  rtx_config.o(.text)
    os_tmr_inspect_ovf                       0x0000039f   Thumb Code    10  rtx_config.o(.text)
    os_irq_ack_lock                          0x000003a9   Thumb Code    20  rtx_config.o(.text)
    __SWI_5                                  0x000003bd   Thumb Code     8  rtx_config.o(.text)
    tsk_unlock                               0x000003c5   Thumb Code     8  rtx_config.o(.text)
    Inline ARM to Thumb Veneer to __scatterload 0x000003fc   ARM Code       8  init.o(.text)
    __scatterload                            0x00000405   Thumb Code    24  init.o(.text)
    __scatterload_rt2                        0x00000405   Thumb Code     0  init.o(.text)
    SWI_Count                                0x00000424   Data           4  SWI_Table.o(SWI_TABLE)
    SWI_Table                                0x00000428   Data           0  SWI_Table.o(SWI_TABLE)
    Short Thumb to ARM Veneer to __main_after_scatterload 0x00000449   Thumb Code     8  anon$$obj.o(Veneer$$Code)
    __ARM_common_call_via_r3                 0x00000451   Thumb Code     2  init.o(i.__ARM_common_call_via_r3)
    __SWI_0                                  0x00000455   Thumb Code    46  hal_arm.o(i.__SWI_0)
    __RL_RTX_VER                             0x00000470   Number         0  rt_system.o ABSOLUTE
    __SWI_1                                  0x00000489   Thumb Code    14  rt_membox.o(i.__SWI_1)
    __SWI_2                                  0x00000497   Thumb Code    24  rt_membox.o(i.__SWI_2)
    __SWI_3                                  0x000004af   Thumb Code     8  hal_arm.o(i.__SWI_3)
    __SWI_4                                  0x000004b7   Thumb Code     8  hal_arm.o(i.__SWI_4)
    __SWI_6                                  0x000004bf   Thumb Code     2  hal_arm.o(i.__SWI_6)
    __SWI_7                                  0x000004c1   Thumb Code     2  hal_arm.o(i.__SWI_7)
    __scatterload_copy                       0x000004c4   ARM Code      28  handlers.o(i.__scatterload_copy)
    __scatterload_null                       0x000004e0   ARM Code       4  handlers.o(i.__scatterload_null)
    __scatterload_zeroinit                   0x000004e4   ARM Code      24  handlers.o(i.__scatterload_zeroinit)
    _init_box                                0x000004fd   Thumb Code    74  rt_membox.o(i._init_box)
    os_chk_robin                             0x00000549   Thumb Code    60  rt_robin.o(i.os_chk_robin)
    os_dec_dly                               0x00000591   Thumb Code   116  rt_list.o(i.os_dec_dly)
    os_dispatch                              0x0000060d   Thumb Code    60  rt_task.o(i.os_dispatch)
    os_evt_psh                               0x00000651   Thumb Code    74  rt_event.o(i.os_evt_psh)
    os_get_first                             0x000006a1   Thumb Code    42  rt_list.o(i.os_get_first)
    os_init_robin                            0x00000715   Thumb Code    16  rt_robin.o(i.os_init_robin)
    os_init_stack                            0x0000072d   Thumb Code   100  hal_arm.o(i.os_init_stack)
    os_mbx_psh                               0x000007a1   Thumb Code   132  rt_mailbox.o(i.os_mbx_psh)
    os_put_prio                              0x00000829   Thumb Code    62  rt_list.o(i.os_put_prio)
    os_put_rdy_first                         0x00000869   Thumb Code    14  rt_list.o(i.os_put_rdy_first)
    os_rmv_dly                               0x0000087d   Thumb Code    44  rt_list.o(i.os_rmv_dly)
    os_sem_psh                               0x000008a9   Thumb Code    50  rt_semaphore.o(i.os_sem_psh)
    os_stk_check                             0x000008e1   Thumb Code    38  hal_arm.o(i.os_stk_check)
    os_sys_init1                             0x00000911   Thumb Code   162  rt_task.o(i.os_sys_init1)
    os_sys_manager                           0x000009f9   Thumb Code   186  rt_system.o(i.os_sys_manager)
    os_tmr_tick                              0x00000ac9   Thumb Code    58  rt_timer.o(i.os_tmr_tick)
    os_tsk_create0                           0x00000b0d   Thumb Code   130  rt_task.o(i.os_tsk_create0)
    os_tsk_self                              0x00000b9d   Thumb Code    12  rt_task.o(i.os_tsk_self)
    os_maxtaskrun                            0x00000bac   Data           2  rtx_config.o(.constdata)
    os_stackinfo                             0x00000bb0   Data           4  rtx_config.o(.constdata)
    os_rrobin                                0x00000bb4   Data           4  rtx_config.o(.constdata)
    os_clockrate                             0x00000bb8   Data           4  rtx_config.o(.constdata)
    os_timernum                              0x00000bbc   Data           4  rtx_config.o(.constdata)
    mp_tcb_size                              0x00000bc0   Data           2  rtx_config.o(.constdata)
    mp_stk_size                              0x00000bc4   Data           4  rtx_config.o(.constdata)
    os_fifo_size                             0x00000bc8   Data           1  rtx_config.o(.constdata)
    mp_tmr_size                              0x00000bca   Data           2  rtx_config.o(.constdata)
    Region$$Table$$Base                      0x00000bcc   Number         0  anon$$obj.o(Region$$Table)
    Region$$Table$$Limit                     0x00000bec   Number         0  anon$$obj.o(Region$$Table)
    count1                                   0x40000000   Data           4  rtos_tx.o(.data)
    count2                                   0x40000004   Data           4  rtos_tx.o(.data)
    id1                                      0x40000008   Data           4  rtos_tx.o(.data)
    id2                                      0x4000000c   Data           4  rtos_tx.o(.data)
    m_tmr                                    0x40000010   Data           4  rtx_config.o(.data)
    os_runtask                               0x40000014   Data           4  rt_task.o(.data)
    sys_stktop                               0x40000018   Data           4  hal_arm.o(.data)
    sys_mode                                 0x4000001c   Data           1  hal_arm.o(.data)
    os_psh                                   0x40000020   Data           8  rt_system.o(.data)
    os_robin                                 0x40000028   Data           8  rt_robin.o(.data)
    os_time                                  0x40000030   Data           4  rt_time.o(.data)
    os_tmr                                   0x40000034   Data           8  rt_timer.o(.data)
    mp_tcb                                   0x4000003c   Data         300  rtx_config.o(.bss)
    mp_stk                                   0x40000168   Data        1416  rtx_config.o(.bss)
    os_fifo                                  0x400006f0   Data         132  rtx_config.o(.bss)
    os_active_TCB                            0x40000774   Data          24  rtx_config.o(.bss)
    os_idle_TCB                              0x4000078c   Data          48  rt_task.o(.bss)
    os_rdy                                   0x400007bc   Data          24  rt_list.o(.bss)
    os_dly                                   0x400007d4   Data          24  rt_list.o(.bss)
    __initial_sp                             0x40000840   Data          96  startup.o(STACK)



==============================================================================

Memory Map of the image

  Image Entry point : 0x00000104

  Load Region LR_IROM1 (Base: 0x00000000, Size: 0x00000c28, Max: 0x00080000, ABSOLUTE)

    Execution Region ER_IROM1 (Base: 0x00000000, Size: 0x00000bec, Max: 0x00080000, ABSOLUTE)

    Base Addr    Size         Type   Attr      Idx    E Section Name        Object

    0x00000000   0x00000104   Code   RO           61    RESET               startup.o
    0x00000104   0x00000000   Code   RO          578  * .ARM.Collect$$$$00000000  mc_t.l(entry.o)
    0x00000104   0x00000004   Code   RO          581    .ARM.Collect$$$$00000001  mc_t.l(entry2.o)
    0x00000108   0x00000004   Code   RO          583    .ARM.Collect$$$$00000004  mc_t.l(entry5.o)
    0x0000010c   0x00000000   Code   RO          585    .ARM.Collect$$$$00000008  mc_t.l(entry7b.o)
    0x0000010c   0x00000000   Code   RO          587    .ARM.Collect$$$$0000000A  mc_t.l(entry8b.o)
    0x0000010c   0x0000000c   Code   RO          588    .ARM.Collect$$$$0000000B  mc_t.l(entry9a.o)
    0x00000118   0x00000000   Code   RO          590    .ARM.Collect$$$$0000000D  mc_t.l(entry10a.o)
    0x00000118   0x00000000   Code   RO          592    .ARM.Collect$$$$0000000F  mc_t.l(entry11a.o)
    0x00000118   0x00000004   Code   RO          582    .ARM.Collect$$$$00002712  mc_t.l(entry2.o)
    0x0000011c   0x00000204   Code   RO          158    .emb_text           RTX_ARM_L.LIB(hal_arm.o)
    0x00000320   0x00000048   Code   RO            1    .text               rtos_tx.o
    0x00000368   0x00000080   Code   RO           21    .text               rtx_config.o
    0x000003e8   0x00000014   Code   RO           22    .text               rtx_config.o
    0x000003fc   0x00000008   Ven    RO          594    .text               mc_t.l(init.o)
    0x00000404   0x00000020   Code   RO          594    .text               mc_t.l(init.o)
    0x00000424   0x00000024   Code   RO          389    SWI_TABLE           RTX_ARM_L.LIB(SWI_Table.o)
    0x00000448   0x00000008   Ven    RO          607    Veneer$$Code        anon$$obj.o
    0x00000450   0x00000002   Code   RO          596    i.__ARM_common_call_via_r3  mc_t.l(init.o)
    0x00000452   0x00000002   PAD
    0x00000454   0x00000034   Code   RO          159    i.__SWI_0           RTX_ARM_L.LIB(hal_arm.o)
    0x00000488   0x0000000e   Code   RO          359    i.__SWI_1           RTX_ARM_L.LIB(rt_membox.o)
    0x00000496   0x00000018   Code   RO          360    i.__SWI_2           RTX_ARM_L.LIB(rt_membox.o)
    0x000004ae   0x00000008   Code   RO          160    i.__SWI_3           RTX_ARM_L.LIB(hal_arm.o)
    0x000004b6   0x00000008   Code   RO          161    i.__SWI_4           RTX_ARM_L.LIB(hal_arm.o)
    0x000004be   0x00000002   Code   RO          162    i.__SWI_6           RTX_ARM_L.LIB(hal_arm.o)
    0x000004c0   0x00000002   Code   RO          163    i.__SWI_7           RTX_ARM_L.LIB(hal_arm.o)
    0x000004c2   0x00000002   PAD
    0x000004c4   0x0000001c   Code   RO          600    i.__scatterload_copy  mc_t.l(handlers.o)
    0x000004e0   0x00000004   Code   RO          601    i.__scatterload_null  mc_t.l(handlers.o)
    0x000004e4   0x00000018   Code   RO          602    i.__scatterload_zeroinit  mc_t.l(handlers.o)
    0x000004fc   0x0000004a   Code   RO          362    i._init_box         RTX_ARM_L.LIB(rt_membox.o)
    0x00000546   0x00000002   PAD
    0x00000548   0x00000048   Code   RO          338    i.os_chk_robin      RTX_ARM_L.LIB(rt_robin.o)
    0x00000590   0x0000007c   Code   RO          266    i.os_dec_dly        RTX_ARM_L.LIB(rt_list.o)
    0x0000060c   0x00000044   Code   RO           66    i.os_dispatch       RTX_ARM_L.LIB(rt_task.o)
    0x00000650   0x00000050   Code   RO          428    i.os_evt_psh        RTX_ARM_L.LIB(rt_event.o)
    0x000006a0   0x0000002a   Code   RO          267    i.os_get_first      RTX_ARM_L.LIB(rt_list.o)
    0x000006ca   0x00000002   PAD
    0x000006cc   0x00000048   Code   RO           67    i.os_init_context   RTX_ARM_L.LIB(rt_task.o)
    0x00000714   0x00000018   Code   RO          339    i.os_init_robin     RTX_ARM_L.LIB(rt_robin.o)
    0x0000072c   0x00000074   Code   RO          164    i.os_init_stack     RTX_ARM_L.LIB(hal_arm.o)
    0x000007a0   0x00000088   Code   RO          471    i.os_mbx_psh        RTX_ARM_L.LIB(rt_mailbox.o)
    0x00000828   0x0000003e   Code   RO          271    i.os_put_prio       RTX_ARM_L.LIB(rt_list.o)
    0x00000866   0x00000002   PAD
    0x00000868   0x00000014   Code   RO          272    i.os_put_rdy_first  RTX_ARM_L.LIB(rt_list.o)
    0x0000087c   0x0000002c   Code   RO          274    i.os_rmv_dly        RTX_ARM_L.LIB(rt_list.o)
    0x000008a8   0x00000038   Code   RO          517    i.os_sem_psh        RTX_ARM_L.LIB(rt_semaphore.o)
    0x000008e0   0x00000030   Code   RO          165    i.os_stk_check      RTX_ARM_L.LIB(hal_arm.o)
    0x00000910   0x000000e8   Code   RO           68    i.os_sys_init1      RTX_ARM_L.LIB(rt_task.o)
    0x000009f8   0x000000d0   Code   RO          225    i.os_sys_manager    RTX_ARM_L.LIB(rt_system.o)
    0x00000ac8   0x00000044   Code   RO          553    i.os_tmr_tick       RTX_ARM_L.LIB(rt_timer.o)
    0x00000b0c   0x00000090   Code   RO           69    i.os_tsk_create0    RTX_ARM_L.LIB(rt_task.o)
    0x00000b9c   0x00000010   Code   RO           74    i.os_tsk_self       RTX_ARM_L.LIB(rt_task.o)
    0x00000bac   0x00000002   Data   RO           27    .constdata          rtx_config.o
    0x00000bae   0x00000002   PAD
    0x00000bb0   0x00000004   Data   RO           28    .constdata          rtx_config.o
    0x00000bb4   0x00000004   Data   RO           29    .constdata          rtx_config.o
    0x00000bb8   0x00000008   Data   RO           30    .constdata          rtx_config.o
    0x00000bc0   0x00000002   Data   RO           31    .constdata          rtx_config.o
    0x00000bc2   0x00000002   PAD
    0x00000bc4   0x00000004   Data   RO           32    .constdata          rtx_config.o
    0x00000bc8   0x00000001   Data   RO           33    .constdata          rtx_config.o
    0x00000bc9   0x00000001   PAD
    0x00000bca   0x00000002   Data   RO           34    .constdata          rtx_config.o
    0x00000bcc   0x00000020   Data   RO          598    Region$$Table       anon$$obj.o


    Execution Region RW_IRAM1 (Base: 0x40000000, Size: 0x000008a0, Max: 0x00008000, ABSOLUTE)

    Base Addr    Size         Type   Attr      Idx    E Section Name        Object

    0x40000000   0x00000010   Data   RW            2    .data               rtos_tx.o
    0x40000010   0x00000004   Data   RW           35    .data               rtx_config.o
    0x40000014   0x00000004   Data   RW           76    .data               RTX_ARM_L.LIB(rt_task.o)
    0x40000018   0x00000004   Data   RW          166    .data               RTX_ARM_L.LIB(hal_arm.o)
    0x4000001c   0x00000001   Data   RW          167    .data               RTX_ARM_L.LIB(hal_arm.o)
    0x4000001d   0x00000003   PAD
    0x40000020   0x00000008   Data   RW          226    .data               RTX_ARM_L.LIB(rt_system.o)
    0x40000028   0x00000008   Data   RW          340    .data               RTX_ARM_L.LIB(rt_robin.o)
    0x40000030   0x00000004   Data   RW          396    .data               RTX_ARM_L.LIB(rt_time.o)
    0x40000034   0x00000008   Data   RW          554    .data               RTX_ARM_L.LIB(rt_timer.o)
    0x4000003c   0x0000012c   Zero   RW           23    .bss                rtx_config.o
    0x40000168   0x00000588   Zero   RW           24    .bss                rtx_config.o
    0x400006f0   0x00000084   Zero   RW           25    .bss                rtx_config.o
    0x40000774   0x00000018   Zero   RW           26    .bss                rtx_config.o
    0x4000078c   0x00000030   Zero   RW           75    .bss                RTX_ARM_L.LIB(rt_task.o)
    0x400007bc   0x00000030   Zero   RW          276    .bss                RTX_ARM_L.LIB(rt_list.o)
    0x400007ec   0x00000004   PAD
    0x400007f0   0x000000b0   Zero   RW           59    STACK               startup.o


==============================================================================

Image component sizes


      Code (inc. data)   RO Data    RW Data    ZI Data      Debug   Object Name

        72         12          0         16          0       7063   rtos_tx.o
       148         28         27          4       1872       2826   rtx_config.o
       260         48          0          0        176        252   startup.o

    ----------------------------------------------------------------------
       488         88         64         20       2048      10141   Object Totals
         8          0         32          0          0          0   (incl. Generated)
         0          0          5          0          0          0   (incl. Padding)

    ----------------------------------------------------------------------

      Code (inc. data)   RO Data    RW Data    ZI Data      Debug   Library Member Name

        36         36          0          0          0        140   SWI_Table.o
       752         80          0          5          0       3843   hal_arm.o
        80          6          0          0          0        525   rt_event.o
       292         14          0          0         48       2506   rt_list.o
       136          4          0          0          0        573   rt_mailbox.o
       112          0          0          0          0       1464   rt_membox.o
        96         20          0          8          0        962   rt_robin.o
        56          6          0          0          0        485   rt_semaphore.o
       208         22          0          8          0        726   rt_system.o
       532        102          0          4         48       5001   rt_task.o
         0          0          0          4          0        150   rt_time.o
        68         10          0          8          0        619   rt_timer.o
         0          0          0          0          0          0   entry.o
         0          0          0          0          0          0   entry10a.o
         0          0          0          0          0          0   entry11a.o
         8          4          0          0          0          0   entry2.o
         4          0          0          0          0          0   entry5.o
         0          0          0          0          0          0   entry7b.o
         0          0          0          0          0          0   entry8b.o
        12          4          0          0          0          0   entry9a.o
        56          0          0          0          0          0   handlers.o
        42          8          0          0          0        136   init.o

    ----------------------------------------------------------------------
      2500        316          0         40        100      17130   Library Totals
        10          0          0          3          4          0   (incl. Padding)

    ----------------------------------------------------------------------

      Code (inc. data)   RO Data    RW Data    ZI Data      Debug   Library Name

      2368        300          0         37         96      16994   RTX_ARM_L.LIB
       122         16          0          0          0        136   mc_t.l

    ----------------------------------------------------------------------
      2500        316          0         40        100      17130   Library Totals

    ----------------------------------------------------------------------

==============================================================================


      Code (inc. data)   RO Data    RW Data    ZI Data      Debug   

      2988        404         64         60       2148      25979   Grand Totals
      2988        404         64         60       2148      25979   ELF Image Totals
      2988        404         64         60          0          0   ROM Totals

==============================================================================

    Total RO  Size (Code + RO Data)                 3052 (   2.98kB)
    Total RW  Size (RW Data + ZI Data)              2208 (   2.16kB)
    Total ROM Size (Code + RO Data + RW Data)       3112 (   3.04kB)

==============================================================================

