C51 COMPILER V7.08   DATA_TYPE                                                             08/21/2014 11:35:38 PAGE 1   


C51 COMPILER V7.08, COMPILATION OF MODULE DATA_TYPE
OBJECT MODULE PLACED IN C:\isp\data_type.obj
COMPILER INVOKED BY: C:\Keil2\C51\BIN\C51.EXE data_type.c BROWSE DEBUG OBJECTEXTEND OBJECT(C:\isp\data_type.obj)

line level    source

   1          //at compiller allocated location 
   2          code char s[]="welcome to vector";
   3          data char d1[18];
   4          xdata char d2[18];
   5          main()
   6                          {
   7   1                              unsigned char i;
   8   1                              for(i=0;s[i];i++)
   9   1                              {
  10   2                                      d2[i]=d1[i]=s[i];
  11   2                              }
  12   1                      while(1);
  13   1                      }


MODULE INFORMATION:   STATIC OVERLAYABLE
   CODE SIZE        =     33    ----
   CONSTANT SIZE    =     18    ----
   XDATA SIZE       =     18    ----
   PDATA SIZE       =   ----    ----
   DATA SIZE        =     18    ----
   IDATA SIZE       =   ----    ----
   BIT SIZE         =   ----    ----
END OF MODULE INFORMATION.


C51 COMPILATION COMPLETE.  0 WARNING(S),  0 ERROR(S)
