A51 MACRO ASSEMBLER  DELAY100                                                             08/12/2014 10:39:46 PAGE     1


MACRO ASSEMBLER A51 V7.08a
OBJECT MODULE PLACED IN delay100.OBJ
ASSEMBLER INVOKED BY: C:\Keil2\C51\BIN\A51.EXE delay100.asm SET(SMALL) DEBUG EP

LOC  OBJ            LINE     SOURCE

----                   1     CSEG AT 0
                       2     
0000                   3     MAIN:
0000 1104              4     ACALL DELAY100MS
0002 80FE              5     SJMP $
                       6     
0004                   7     DELAY100MS:
0004 7D09              8                     MOV R5,#9
0006                   9     L2:
0006 110A             10                     ACALL DELAY10MS
0008 DDFC             11                     DJNZ R5,L2
                      12     
000A                  13     DELAY10MS:
000A 7E09             14                     mov r6,#9
000C                  15     l1:
000C 1110             16                     acall delay1ms
000E DEFC             17                     djnz r6,l1
0010                  18     delay1ms:
0010 7FFF             19                     MOV R7,#255
0012 DFFE             20                     DJNZ R7,$
0014 7FF2             21                     MOV R7,#242
0016 DFFE             22                     DJNZ R7,$
0018 22               23                     RET
                      24     END
A51 MACRO ASSEMBLER  DELAY100                                                             08/12/2014 10:39:46 PAGE     2

SYMBOL TABLE LISTING
------ ----- -------


N A M E             T Y P E  V A L U E   ATTRIBUTES

DELAY100MS . . . .  C ADDR   0004H   A   
DELAY10MS. . . . .  C ADDR   000AH   A   
DELAY1MS . . . . .  C ADDR   0010H   A   
L1 . . . . . . . .  C ADDR   000CH   A   
L2 . . . . . . . .  C ADDR   0006H   A   
MAIN . . . . . . .  C ADDR   0000H   A   


REGISTER BANK(S) USED: 0 


ASSEMBLY COMPLETE.  0 WARNING(S), 0 ERROR(S)
