C51 COMPILER V7.08   DISPF_4_MUX_SEGS                                                      08/28/2014 14:28:40 PAGE 1   


C51 COMPILER V7.08, COMPILATION OF MODULE DISPF_4_MUX_SEGS
OBJECT MODULE PLACED IN C:\ng\dispf_4_mux_segs.obj
COMPILER INVOKED BY: C:\KEIL708\C51\BIN\C51.EXE dispf_4_mux_segs.c BROWSE DEBUG OBJECTEXTEND OBJECT(C:\ng\dispf_4_mux_se
                    -gs.obj)

line level    source

   1          #include "seg.h"
   2          void dispf_4_mux_segs(float f)
   3          {
   4   1              int t;
   5   1              if(f>0.0 && f<10.0)
   6   1              {
   7   2                      t=f*1000;dp1=0x7f;
*** ERROR C202 IN LINE 7 OF DISPF_4_MUX_SEGS.C: 'dp1': undefined identifier
   8   2              }       
   9   1      
  10   1              else if(f>10.0 && f<100.0)
  11   1              {
  12   2                      t=f*100;dp2=0x7f;
*** ERROR C202 IN LINE 12 OF DISPF_4_MUX_SEGS.C: 'dp2': undefined identifier
  13   2              }
  14   1              else if(f>100.0 && f<1000.0)
  15   1              {
  16   2                      t=f*10; dp3=0x7f;
*** ERROR C202 IN LINE 16 OF DISPF_4_MUX_SEGS.C: 'dp3': undefined identifier
  17   2              }
  18   1              dispi_4_mux_segs(t);
  19   1      }

C51 COMPILATION COMPLETE.  0 WARNING(S),  3 ERROR(S)
