C51 COMPILER V7.08   DISPLAY                                                               08/22/2014 11:26:15 PAGE 1   


C51 COMPILER V7.08, COMPILATION OF MODULE DISPLAY
OBJECT MODULE PLACED IN C:\isp\display.obj
COMPILER INVOKED BY: C:\Keil2\C51\BIN\C51.EXE display.c BROWSE DEBUG OBJECTEXTEND OBJECT(C:\isp\display.obj)

line level    source

   1          #include"delays.h"
   2          #include"reg51.h"
   3          sbit sel1=P2^3;
   4          sbit sel2=P2^2;
   5          sbit sel3=P2^1;
   6          sbit sel4=P2^0;
   7          
   8          #define seg P0
   9          code unsigned char seg_lut[]={0xc0,0xf9,0xa4,0xb0,0x99,0x92,0x82,0xf8,0x80,0x90};
  10          main()
  11          {
  12   1              
  13   1              unsigned char i;
  14   1              sel1=0,sel2=0,sel3=0,sel4=0;
  15   1              while(1)
  16   1              {
  17   2                              for(i=0;i<10;i++)
  18   2                                      {
  19   3                                              seg=seg_lut[i];
  20   3                                              delay_ms(500);
  21   3                                      }               
  22   2              }
  23   1      }
  24          void dispi_4_mux_segs(unsigned int n)
  25          {
  26   1                      seg=seg_lut[n/1000]&dp1;
*** ERROR C202 IN LINE 26 OF DISPLAY.C: 'dp1': undefined identifier
  27   1                      sel1=0;
  28   1                      delay_ms(1);
  29   1                      sel1=1
  30   1      
  31   1                      seg=seg_lut[(n/100)%10]&dp2;
*** ERROR C141 IN LINE 31 OF DISPLAY.C: syntax error near 'P0'
*** ERROR C202 IN LINE 31 OF DISPLAY.C: 'dp2': undefined identifier
  32   1                      sel2=0;
  33   1                      delay_ms(1);
  34   1                      sel2=1
  35   1      
  36   1                      seg=seg_lut[(n%100)/10]&dp3;
*** ERROR C141 IN LINE 36 OF DISPLAY.C: syntax error near 'P0'
*** ERROR C202 IN LINE 36 OF DISPLAY.C: 'dp3': undefined identifier
  37   1                      sel3=0;
  38   1                      delay_ms(1);
  39   1                      sel3=1
  40   1      
  41   1                      seg=seg_lut[n%10]&dp4;
*** ERROR C141 IN LINE 41 OF DISPLAY.C: syntax error near 'P0'
*** ERROR C202 IN LINE 41 OF DISPLAY.C: 'dp4': undefined identifier
  42   1                      sel4=0;
  43   1                      delay_ms(1);
  44   1                      sel4=1
  45   1      }
*** ERROR C141 IN LINE 45 OF DISPLAY.C: syntax error near '}'

C51 COMPILATION COMPLETE.  0 WARNING(S),  8 ERROR(S)
