C51 COMPILER V7.08   KEYPAD                                                                08/28/2014 16:02:28 PAGE 1   


C51 COMPILER V7.08, COMPILATION OF MODULE KEYPAD
OBJECT MODULE PLACED IN C:\ng\keypad.obj
COMPILER INVOKED BY: C:\KEIL708\C51\BIN\C51.EXE keypad.c BROWSE DEBUG OBJECTEXTEND OBJECT(C:\ng\keypad.obj)

line level    source

   1          #include<reg51.h>
   2          
   3                  sbit c0=P3^0; sbit r0=P3^4;
   4                  sbit c1=P3^1; sbit r1=P3^5;
   5                  sbit c2=P3^2; sbit r2=P3^6;     
   6                  sbit c3=P3^3; sbit r3=P3^7;
   7          
   8          code unsigned char keypad_lut[4][4]={1,2,3,4,5,6,7,8,9,10,11,12,13,14,15,16};
   9                  
  10          bit colscan()
  11                  {
  12   1                      return(c0&c1&c2&c3);
  13   1              } 
  14          void init_rows()
  15          {
  16   1      r0=r1=r2=r3=0;
  17   1      }
  18          void init_cols()
  19          {
  20   1      c0=c1=c2=c3=1;
  21   1      }
  22          
  23          unsigned char keyscan() 
  24                  {
  25   1                      unsigned char row,col;
  26   1                      
  27   1      init_rows();            
  28   1      init_cols();    
  29   1                      while(colscan());
  30   1      
  31   1                      r0=0,r1=r2=r3=1;
  32   1      if(!colscan()){row=0; goto colcheck;}
  33   1      
  34   1              r1=1,r0=r2=r3=1;
  35   1      if(!colscan()){row=1;goto colcheck;}
  36   1                      
  37   1                      r2=0,r0=r1=r3=1;
  38   1      if(!colscan()){row=2;goto colcheck;}
  39   1      
  40   1                      r3=0,r0=r1=r2=1;
  41   1      if(!colscan()){row=3; goto colcheck;}
  42   1              colcheck:
  43   1                              if(c0==0) col=0;
  44   1      else if(c1==0) col=1;
  45   1      else if(c2==0) col=2;
  46   1      else if(c3==0) col=3;
  47   1              
  48   1              return keypad_lut[row][col];    
  49   1              }


MODULE INFORMATION:   STATIC OVERLAYABLE
   CODE SIZE        =    158    ----
   CONSTANT SIZE    =     16    ----
   XDATA SIZE       =   ----    ----
C51 COMPILER V7.08   KEYPAD                                                                08/28/2014 16:02:28 PAGE 2   

   PDATA SIZE       =   ----    ----
   DATA SIZE        =   ----    ----
   IDATA SIZE       =   ----    ----
   BIT SIZE         =   ----    ----
END OF MODULE INFORMATION.


C51 COMPILATION COMPLETE.  0 WARNING(S),  0 ERROR(S)
