A51 MACRO ASSEMBLER  LED_ASSINGMENT2                                                      08/15/2014 23:43:28 PAGE     1


MACRO ASSEMBLER A51 V7.08a
OBJECT MODULE PLACED IN C:\isp\led_assingment2.obj
ASSEMBLER INVOKED BY: C:\Keil\C51\BIN\A51.EXE led_assingment2.asm SET(SMALL) DEBUG OBJECT(C:\isp\led_assingment2.obj) EP

LOC  OBJ            LINE     SOURCE

                       1     ;$include (delay100.ASM)
                +1     2     DELAY SEGMENT CODE
----            +1     3     RSEG DELAY 
                +1     4     
0000            +1     5     DELAY100MS:
0000 7D09       +1     6                     MOV R5,#9
0002            +1     7     L2:
0002 1100     F +1     8                     ACALL DELAY10MS
0004 DDFC       +1     9                     DJNZ R5,L2
                +1    10     
0006            +1    11     DELAY10MS:
0006 7E09       +1    12                     mov r6,#9
0008            +1    13     l1:
0008 1100     F +1    14                     acall delay1ms
000A DEFC       +1    15                     djnz r6,l1
000C            +1    16     delay1ms:
000C 7FFF       +1    17                     MOV R7,#255
000E DFFE       +1    18                     DJNZ R7,$
0010 7FF2       +1    19                     MOV R7,#242
0012 DFFE       +1    20                     DJNZ R7,$
0014 22         +1    21                     RET
                      22     
  00A0                23     leds equ p2
                      24     
----                  25     cseg at 0
0000                  26     main:
                      27     
0000 7A00             28     mov r2,#0
0002                  29     again:
                      30     
0002 EA               31     mov a,r2
0003 64F0             32     xrl a,#0f0h
0005 F5A0             33     mov leds,a
0007 1100     F       34     acall DELAY100MS
0009 1100     F       35     acall DELAY100MS
000B 1100     F       36     acall DELAY100MS
000D 1100     F       37     acall DELAY100MS
000F 0A               38     inc r2
0010 80F0             39     SJMP again
                      40     end
                                     
                                     
A51 MACRO ASSEMBLER  LED_ASSINGMENT2                                                      08/15/2014 23:43:28 PAGE     2

SYMBOL TABLE LISTING
------ ----- -------


N A M E             T Y P E  V A L U E   ATTRIBUTES

AGAIN. . . . . . .  C ADDR   0002H   A   
DELAY. . . . . . .  C SEG    0015H       REL=UNIT
DELAY100MS . . . .  C ADDR   0000H   R   SEG=DELAY
DELAY10MS. . . . .  C ADDR   0006H   R   SEG=DELAY
DELAY1MS . . . . .  C ADDR   000CH   R   SEG=DELAY
L1 . . . . . . . .  C ADDR   0008H   R   SEG=DELAY
L2 . . . . . . . .  C ADDR   0002H   R   SEG=DELAY
LEDS . . . . . . .  D ADDR   00A0H   A   
MAIN . . . . . . .  C ADDR   0000H   A   
P2 . . . . . . . .  D ADDR   00A0H   A   


REGISTER BANK(S) USED: 0 


ASSEMBLY COMPLETE.  0 WARNING(S), 0 ERROR(S)
