A51 MACRO ASSEMBLER  LED_PORT1                                                            01/19/2004 01:46:27 PAGE     1


MACRO ASSEMBLER A51 V7.08a
OBJECT MODULE PLACED IN C:\MYISP\led_port1.obj
ASSEMBLER INVOKED BY: C:\Keil2\C51\BIN\A51.EXE led_port1.asm SET(SMALL) DEBUG OBJECT(C:\MYISP\led_port1.obj) EP

LOC  OBJ            LINE     SOURCE

  0094                 1     LED BIT P1.4
                       2     ;$include (delay100.asm)
                +1     3     DELAY SEGMENT CODE
----            +1     4     RSEG DELAY 
                +1     5     
0000            +1     6     DELAY100MS:
0000 7D09       +1     7                     MOV R5,#9
0002            +1     8     L2:
0002 1100     F +1     9                     ACALL DELAY10MS
0004 DDFC       +1    10                     DJNZ R5,L2
                +1    11     
0006            +1    12     DELAY10MS:
0006 7E09       +1    13                     mov r6,#9
0008            +1    14     l1:
0008 1100     F +1    15                     acall delay1ms
000A DEFC       +1    16                     djnz r6,l1
000C            +1    17     delay1ms:
000C 7FFF       +1    18                     MOV R7,#255
000E DFFE       +1    19                     DJNZ R7,$
0010 7FF2       +1    20                     MOV R7,#242
0012 DFFE       +1    21                     DJNZ R7,$
0014 22         +1    22                     RET
                      23     
----                  24     cseg at 0
0000                  25     main:
0000 C294             26             clr led
0002 1100     F       27             acall DELAY100MS
0004 1100     F       28             acall DELAY100MS
0006 D294             29             setb led
0008 1100     F       30             acall DELAY100MS
000A 1100     F       31             acall DELAY100MS
000C 80F2             32             sjmp main
                      33     end
A51 MACRO ASSEMBLER  LED_PORT1                                                            01/19/2004 01:46:27 PAGE     2

SYMBOL TABLE LISTING
------ ----- -------


N A M E             T Y P E  V A L U E   ATTRIBUTES

DELAY. . . . . . .  C SEG    0015H       REL=UNIT
DELAY100MS . . . .  C ADDR   0000H   R   SEG=DELAY
DELAY10MS. . . . .  C ADDR   0006H   R   SEG=DELAY
DELAY1MS . . . . .  C ADDR   000CH   R   SEG=DELAY
L1 . . . . . . . .  C ADDR   0008H   R   SEG=DELAY
L2 . . . . . . . .  C ADDR   0002H   R   SEG=DELAY
LED. . . . . . . .  B ADDR   0090H.4 A   
MAIN . . . . . . .  C ADDR   0000H   A   
P1 . . . . . . . .  D ADDR   0090H   A   


REGISTER BANK(S) USED: 0 


ASSEMBLY COMPLETE.  0 WARNING(S), 0 ERROR(S)
