A51 MACRO ASSEMBLER  LOOP1                                                                08/08/2014 11:14:52 PAGE     1


MACRO ASSEMBLER A51 V7.08a
OBJECT MODULE PLACED IN LOOP1.OBJ
ASSEMBLER INVOKED BY: C:\Keil2\C51\BIN\A51.EXE LOOP1.ASM SET(SMALL) DEBUG EP

LOC  OBJ            LINE     SOURCE

----                   1     CSEG AT 0h
                       2     string segment code
----                   3     rseg string 
0000 77656C63          4     str: db 'welcome to vector'
0004 6F6D6520                
0008 746F2076                
000C 6563746F                
0010 72                      
                       5     ;end
*** WARNING #A41 IN 5 (LOOP1.ASM, LINE 5): MISSING 'END' STATEMENT
A51 MACRO ASSEMBLER  LOOP1                                                                08/08/2014 11:14:52 PAGE     2

SYMBOL TABLE LISTING
------ ----- -------


N A M E             T Y P E  V A L U E   ATTRIBUTES

STR. . . . . . . .  C ADDR   0000H   R   SEG=STRING
STRING . . . . . .  C SEG    0011H       REL=UNIT


REGISTER BANK(S) USED: 0 


ASSEMBLY COMPLETE.  1 WARNING(S), 0 ERROR(S)
