A51 MACRO ASSEMBLER  NIBBLE_CHANGE                                                        08/07/2014 12:06:59 PAGE     1


MACRO ASSEMBLER A51 V7.08a
OBJECT MODULE PLACED IN nibble_change.OBJ
ASSEMBLER INVOKED BY: C:\Keil\C51\BIN\A51.EXE nibble_change.asm SET(SMALL) DEBUG EP

LOC  OBJ            LINE     SOURCE

----                   1     CSEG AT 0
0000 7D57              2     mov r5,#57h
0002 7E12              3     mov r6,#12h
0004 53050F            4     anl 05h,#0fh
0007 EE                5     mov a,r6
0008 F4                6     cpl a
0009 540F              7     anl a,#0fh
000B C4                8     swap a
000C 4205              9     orl 05h,a
                      10     
                      11     end
A51 MACRO ASSEMBLER  NIBBLE_CHANGE                                                        08/07/2014 12:06:59 PAGE     2

SYMBOL TABLE LISTING
------ ----- -------


N A M E             T Y P E  V A L U E   ATTRIBUTES



REGISTER BANK(S) USED: 0 


ASSEMBLY COMPLETE.  0 WARNING(S), 0 ERROR(S)
